Log file open, 06/26/25 15:56:11
LogTrace: Initializing trace...
LogTrace: Finished trace initialization.
LogInit: Session CrashGUID >====================================================
         Session CrashGUID >   UECC-Windows-2FC625634D00B4E4CAF529B9DBBC26F1
         Session CrashGUID >====================================================
LogConfig: No local boot hotfix file found at: [L:/GitHub/massey-unreal/NeoTeAikaSem1/Saved/PersistentDownloadDir/HotfixForNextBoot.txt]
LogPluginManager: Mounting Engine plugin PlatformCrypto
LogInit: ExecutableName: UnrealPak.exe
LogInit: Build: ++UE5+Release-5.6-CL-43139311
LogInit: Platform=WindowsEditor
LogInit: MachineId=4f94044c45b1170a9403c5adf644ca46
LogInit: DeviceId=
LogInit: Engine Version: 5.6.0-43139311+++UE5+Release-5.6
LogInit: Compatible Engine Version: 5.6.0-43139311+++UE5+Release-5.6
LogInit: Net CL: 43139311
LogInit: OS: Windows 10 (21H2) [10.0.19044.5965] (), CPU: AMD Ryzen 7 5700X 8-Core Processor             , GPU: NVIDIA GeForce RTX 4070
LogInit: Compiled (64-bit): May 31 2025 16:41:39
LogInit: Architecture: x64
LogInit: Compiled with Visual C++: 19.38.33130.00
LogInit: Build Configuration: Development
LogInit: Branch Name: ++UE5+Release-5.6
LogInit: Command Line: -CreateGlobalContainer=L:\GitHub\massey-unreal\NeoTeAikaSem1\Saved\StagedBuilds\Windows\NeoTeAikaSem1\Content\Paks\global.utoc -PackageStoreManifest=L:\GitHub\massey-unreal\NeoTeAikaSem1\Saved\Cooked\Windows\NeoTeAikaSem1\Metadata\packagestore.manifest -CookedDirectory=L:\GitHub\massey-unreal\NeoTeAikaSem1\Saved\Cooked\Windows -Commands="C:\Users\neo\AppData\Roaming\Unreal Engine\AutomationTool\Logs\S+Unreal+UE_5.6\IoStoreCommands.txt" -ScriptObjects=L:\GitHub\massey-unreal\NeoTeAikaSem1\Saved\Cooked\Windows\NeoTeAikaSem1\Metadata\scriptobjects.bin -patchpaddingalign=2048 -compressionformats=Oodle -compresslevel=4 -compressmethod=Kraken -cryptokeys=L:\GitHub\massey-unreal\NeoTeAikaSem1\Saved\Cooked\Windows\NeoTeAikaSem1\Metadata\Crypto.json -compressionMinBytesSaved=1024 -compressionMinPercentSaved=5 -WriteBackMetadataToAssetRegistry=Disabled -nopak
LogInit: Base Directory: S:/Unreal/UE_5.6/Engine/Binaries/Win64/
LogInit: Allocator: Mimalloc
LogInit: Installed Engine Build: 1
LogInit: This binary is optimized with LTO: no, PGO: no, instrumented for PGO data collection: no
LogDevObjectVersion: Number of dev versions registered: 35
LogDevObjectVersion:   Dev-Blueprints (B0D832E4-1F89-4F0D-ACCF-7EB736FD4AA2): 10
LogDevObjectVersion:   Dev-Build (E1C64328-A22C-4D53-A36C-8E866417BD8C): 0
LogDevObjectVersion:   Dev-Core (375EC13C-06E4-48FB-B500-84F0262A717E): 4
LogDevObjectVersion:   Dev-Editor (E4B068ED-F494-42E9-A231-DA0B2E46BB41): 40
LogDevObjectVersion:   Dev-Framework (CFFC743F-43B0-4480-9391-14DF171D2073): 37
LogDevObjectVersion:   Dev-Mobile (B02B49B5-BB20-44E9-A304-32B752E40360): 3
LogDevObjectVersion:   Dev-Networking (A4E4105C-59A1-49B5-A7C5-40C4547EDFEE): 0
LogDevObjectVersion:   Dev-Online (39C831C9-5AE6-47DC-9A44-9C173E1C8E7C): 0
LogDevObjectVersion:   Dev-Physics (78F01B33-EBEA-4F98-B9B4-84EACCB95AA2): 20
LogDevObjectVersion:   Dev-Platform (6631380F-2D4D-43E0-8009-CF276956A95A): 0
LogDevObjectVersion:   Dev-Rendering (12F88B9F-8875-4AFC-A67C-D90C383ABD29): 49
LogDevObjectVersion:   Dev-Sequencer (7B5AE74C-D270-4C10-A958-57980B212A5A): 13
LogDevObjectVersion:   Dev-VR (D7296918-1DD6-4BDD-9DE2-64A83CC13884): 3
LogDevObjectVersion:   Dev-LoadTimes (C2A15278-BFE7-4AFE-6C17-90FF531DF755): 1
LogDevObjectVersion:   Private-Geometry (6EACA3D4-40EC-4CC1-B786-8BED09428FC5): 3
LogDevObjectVersion:   Dev-AnimPhys (29E575DD-E0A3-4627-9D10-D276232CDCEA): 17
LogDevObjectVersion:   Dev-Anim (AF43A65D-7FD3-4947-9873-3E8ED9C1BB05): 15
LogDevObjectVersion:   Dev-ReflectionCapture (6B266CEC-1EC7-4B8F-A30B-E4D90942FC07): 1
LogDevObjectVersion:   Dev-Automation (0DF73D61-A23F-47EA-B727-89E90C41499A): 1
LogDevObjectVersion:   FortniteMain (601D1886-AC64-4F84-AA16-D3DE0DEAC7D6): 207
LogDevObjectVersion:   FortniteValkyrie (8DBC2C5B-54A7-43E0-A768-FCBB7DA29060): 8
LogDevObjectVersion:   FortniteSeason (5B4C06B7-2463-4AF8-805B-BF70CDF5D0DD): 13
LogDevObjectVersion:   FortniteRelease (E7086368-6B23-4C58-8439-1B7016265E91): 17
LogDevObjectVersion:   Dev-Enterprise (9DFFBCD6-494F-0158-E221-12823C92A888): 11
LogDevObjectVersion:   Dev-Niagara (F2AED0AC-9AFE-416F-8664-AA7FFA26D6FC): 1
LogDevObjectVersion:   Dev-Destruction (174F1F0B-B4C6-45A5-B13F-2EE8D0FB917D): 10
LogDevObjectVersion:   Dev-Physics-Ext (35F94A83-E258-406C-A318-09F59610247C): 41
LogDevObjectVersion:   Dev-PhysicsMaterial-Chaos (B68FC16E-8B1B-42E2-B453-215C058844FE): 1
LogDevObjectVersion:   Dev-CineCamera (B2E18506-4273-CFC2-A54E-F4BB758BBA07): 1
LogDevObjectVersion:   Dev-VirtualProduction (64F58936-FD1B-42BA-BA96-7289D5D0FA4E): 1
LogDevObjectVersion:   UE5-Main (697DD581-E64F-41AB-AA4A-51ECBEB7B628): 121
LogDevObjectVersion:   UE5-Release (D89B5E42-24BD-4D46-8412-ACA8DF641779): 56
LogDevObjectVersion:   UE5-SpecialProject (59DA5D52-1232-4948-B878-597870B8E98B): 9
LogDevObjectVersion:   Dev-MediaFramework (6F0ED827-A609-4895-9C91-998D90180EA4): 2
LogDevObjectVersion:   Dev-NaniteResearch (30D58BE3-95EA-4282-A6E3-B159D8EBB06A): 1
LogInit: Presizing for max 100000 objects, including 0 objects not considered by GC.
LogInit: Object subsystem initialized
LogConfig: Applying CVar settings from Section [Startup] File [../../../Engine/Config/ConsoleVariables.ini]
LogConfig: CVar [[r.DumpShaderDebugInfo:2]] deferred - dummy variable created
LogConfig: CVar [[p.chaos.AllowCreatePhysxBodies:1]] deferred - dummy variable created
LogConfig: CVar [[fx.SkipVectorVMBackendOptimizations:1]] deferred - dummy variable created
LogConfig: CVar [[ds.CADTranslator.Meshing.ActivateThinZoneMeshing:0]] deferred - dummy variable created
[2025.06.26-03.56.11:962][  0]LogConfig: CVar [[ds.CADTranslator.Stitching.RemoveThinFaces:0]] deferred - dummy variable created
[2025.06.26-03.56.11:962][  0]LogConfig: Applying CVar settings from Section [Startup_Windows] File [../../../Engine/Config/ConsoleVariables.ini]
[2025.06.26-03.56.11:962][  0]LogConfig: Applying CVar settings from Section [ConsoleVariables] File [Engine]
[2025.06.26-03.56.11:962][  0]LogInit: Computer: NEODESKTOP
[2025.06.26-03.56.11:962][  0]LogInit: User: neo
[2025.06.26-03.56.11:962][  0]LogInit: CPU Page size=4096, Cores=8
[2025.06.26-03.56.11:962][  0]LogInit: High frequency timer resolution =10.000000 MHz
[2025.06.26-03.56.11:962][  0]LogMemory: Process is running as part of a Windows Job with separate resource limits
[2025.06.26-03.56.11:962][  0]LogMemory: Memory total: Physical=31.9GB (32GB approx) Virtual=47.9GB
[2025.06.26-03.56.11:962][  0]LogMemory: Platform Memory Stats for WindowsEditor
[2025.06.26-03.56.11:962][  0]LogMemory: Process Physical Memory: 68.13 MB used, 68.13 MB peak
[2025.06.26-03.56.11:962][  0]LogMemory: Process Virtual Memory: 132.20 MB used, 132.20 MB peak
[2025.06.26-03.56.11:962][  0]LogMemory: Physical Memory: 18517.61 MB used,  14158.80 MB free, 32676.41 MB total
[2025.06.26-03.56.11:962][  0]LogMemory: Virtual Memory: 28474.10 MB used,  20586.31 MB free, 49060.41 MB total
[2025.06.26-03.56.11:966][  0]LogAssetRegistry: FAssetRegistry took 0.0001 seconds to start up
[2025.06.26-03.56.11:966][  0]LogUObjectArray: 462 objects as part of root set at end of initial load.
[2025.06.26-03.56.11:966][  0]LogUObjectArray: CloseDisregardForGC: 0/0 objects in disregard for GC pool
[2025.06.26-03.56.11:966][  0]LogInit: Using OS detected language ().
[2025.06.26-03.56.11:966][  0]LogInit: Using OS detected locale ().
[2025.06.26-03.56.11:967][  0]LogTextLocalizationManager: No localization for '' exists, so 'en' will be used for the language.
[2025.06.26-03.56.11:967][  0]LogTextLocalizationManager: No localization for '' exists, so 'en' will be used for the locale.
[2025.06.26-03.56.11:967][  0]LogInit: Using OS detected language ().
[2025.06.26-03.56.11:967][  0]LogInit: Using OS detected locale ().
[2025.06.26-03.56.11:967][  0]LogTextLocalizationManager: No localization for '' exists, so 'en' will be used for the language.
[2025.06.26-03.56.11:967][  0]LogTextLocalizationManager: No localization for '' exists, so 'en' will be used for the locale.
[2025.06.26-03.56.11:967][  0]LogPakFile: Display: ProjectDir: L:/GitHub/massey-unreal/NeoTeAikaSem1/
[2025.06.26-03.56.11:967][  0]LogIoStore: Display: ==================== IoStore Utils ====================
[2025.06.26-03.56.11:967][  0]LogIoStore: Display: Parsing crypto keys from a crypto key cache file 'L:\GitHub\massey-unreal\NeoTeAikaSem1\Saved\Cooked\Windows\NeoTeAikaSem1\Metadata\Crypto.json'
[2025.06.26-03.56.11:967][  0]LogIoStore: Display: Container signing - DISABLED
[2025.06.26-03.56.11:967][  0]LogIoStore: Display: Directory index - ENABLED
[2025.06.26-03.56.11:967][  0]LogIoStore: Display: Using compression format 'Oodle'
[2025.06.26-03.56.11:967][  0]LogIoStore: Display: Using memory mapping alignment '16384'
[2025.06.26-03.56.11:967][  0]LogIoStore: Display: Using compression block size '65536'
[2025.06.26-03.56.11:967][  0]LogIoStore: Display: Using compression block alignment '2048'
[2025.06.26-03.56.11:967][  0]LogIoStore: Display: Using compression min bytes saved '1024'
[2025.06.26-03.56.11:967][  0]LogIoStore: Display: Using compression min percent saved '5'
[2025.06.26-03.56.11:967][  0]LogIoStore: Display: Using max partition size '0'
[2025.06.26-03.56.11:967][  0]LogIoStore: Display: Not using DDC for compression
[2025.06.26-03.56.11:967][  0]LogIoStore: Display: Using command list file: 'C:\Users\neo\AppData\Roaming\Unreal Engine\AutomationTool\Logs\S+Unreal+UE_5.6\IoStoreCommands.txt'
[2025.06.26-03.56.11:969][  0]LogIoStore: Display: Selected Oodle level 4 (Normal) from command line for shaders
[2025.06.26-03.56.11:969][  0]LogIoStore: Display: Fetched 556 oplog items from Manifest in 0.00 seconds
[2025.06.26-03.56.11:970][  0]LogIoStore: Display: Parsed 556 oplog items 0.00 seconds, 605 chunks
[2025.06.26-03.56.11:973][  0]LogIoStore: Display: Using input asset registry: L:/GitHub/massey-unreal/NeoTeAikaSem1/Saved/Cooked/Windows/NeoTeAikaSem1/Metadata/DevelopmentAssetRegistry.bin
[2025.06.26-03.56.11:975][  0]LogIoStore: Display: Loaded 56 chunk hashes from AssetRegistry in 0.00 seconds, 56 hashes updated in 0.00 seconds
[2025.06.26-03.56.11:976][  0]LogIoStore: Display: Searching for cooked assets in folder 'L:\GitHub\massey-unreal\NeoTeAikaSem1\Saved\Cooked\Windows'
[2025.06.26-03.56.11:988][  0]LogIoStore: Display: Found '1162' files
[2025.06.26-03.56.11:997][  0]LogIoStore: Display: Creating container targets...
[2025.06.26-03.56.11:999][  0]OodleDataCompression: Display: Oodle v2.9.13 format for pak/iostore with method=Kraken, level=4=Normal
[2025.06.26-03.56.12:031][  0]LogIoStore: Display: Parsing packages...
[2025.06.26-03.56.12:031][  0]LogIoStore: Display: Reading package assets...
[2025.06.26-03.56.12:037][  0]LogIoStore: Display: Packages read 549 files in 0.01 seconds, 1,093,118 total bytes, 181,180,780 bytes per second
[2025.06.26-03.56.12:040][  0]LogIoStore: Display: Processing shader libraries, compressing with Oodle Mermaid, level 4 (Normal)
[2025.06.26-03.56.12:042][  0]LogShaderLibrary: Display: Created IoStoreShaderArchive header: shaders grouped in 158 groups (67 of them didn't need new indices), average uncompressed size 56168 bytes, min 249 bytes, max 979371 bytes (r.ShaderCodeLibrary.MaxShaderGroupSize=1048576)
[2025.06.26-03.56.12:057][  0]LogIoStore: Display: Global-PCD3D_ES31(PCD3D_ES3_1): Recompressed 1487 shaders as 158 groups. Library size changed from 2590 KB (3.35 : 1 ratio) to 643 KB (13.47 : 1 ratio), 24.83% of previous.
[2025.06.26-03.56.12:063][  0]LogShaderLibrary: Display: Created IoStoreShaderArchive header: shaders grouped in 378 groups (139 of them didn't need new indices), average uncompressed size 150015 bytes, min 249 bytes, max 1048075 bytes (r.ShaderCodeLibrary.MaxShaderGroupSize=1048576)
[2025.06.26-03.56.12:133][  0]LogIoStore: Display: Global-PCD3D_SM5(PCD3D_SM5): Recompressed 4073 shaders as 378 groups. Library size changed from 12685 KB (4.37 : 1 ratio) to 5588 KB (9.91 : 1 ratio), 44.05% of previous.
[2025.06.26-03.56.12:135][  0]LogShaderLibrary: Display: Created IoStoreShaderArchive header: shaders grouped in 147 groups (60 of them didn't need new indices), average uncompressed size 51952 bytes, min 474 bytes, max 910261 bytes (r.ShaderCodeLibrary.MaxShaderGroupSize=1048576)
[2025.06.26-03.56.12:145][  0]LogIoStore: Display: NeoTeAikaSem1-PCD3D_ES31(PCD3D_ES3_1): Recompressed 796 shaders as 147 groups. Library size changed from 2128 KB (3.50 : 1 ratio) to 814 KB (9.16 : 1 ratio), 38.26% of previous.
[2025.06.26-03.56.12:146][  0]LogShaderLibrary: Display: Created IoStoreShaderArchive header: shaders grouped in 173 groups (78 of them didn't need new indices), average uncompressed size 48609 bytes, min 325 bytes, max 894640 bytes (r.ShaderCodeLibrary.MaxShaderGroupSize=1048576)
[2025.06.26-03.56.12:160][  0]LogIoStore: Display: NeoTeAikaSem1-PCD3D_SM5(PCD3D_SM5): Recompressed 950 shaders as 173 groups. Library size changed from 2380 KB (3.45 : 1 ratio) to 1037 KB (7.91 : 1 ratio), 43.59% of previous.
[2025.06.26-03.56.12:161][  0]LogIoStore: Display: Shaders processed in 0.12 seconds
[2025.06.26-03.56.12:161][  0]LogIoStore: Display: Initialized WriteRequestManager with MaxConcurrentSourceReads=8 (16 cores), MaxSourceBufferMemory=3072MiB
[2025.06.26-03.56.12:162][  0]LogIoStore: Display: Processing redirects...
[2025.06.26-03.56.12:162][  0]LogIoStore: Display: Creating disk layout...
[2025.06.26-03.56.12:163][  0]LogIoStore: Display: Ordered 549 packages using fallback bundle order
[2025.06.26-03.56.12:173][  0]LogIoStore: Display: Serializing container(s)...
[2025.06.26-03.56.12:703][  0]LogIoStore: Display: Writing and compressing took 0.48 seconds, writes to disk took 0.12 seconds for 198,939,392 bytes @ 1,605,011,355 bytes per second.
[2025.06.26-03.56.12:703][  0]LogIoStore: Display: global: Found perfect hashmap for 1 items.
[2025.06.26-03.56.12:704][  0]LogIoStore: Display: NeoTeAikaSem1-Windows: Found perfect hashmap for 1465 items.
[2025.06.26-03.56.12:779][  0]LogIoStore: Display: Finalize took 0.1 seconds for 2 writers to write 178,501 bytes, 2,387,114 bytes per second
[2025.06.26-03.56.12:779][  0]LogIoStore: Display: Writing tocs... [Physical: 610 MiB, Virtual: 3343 MiB]
[2025.06.26-03.56.12:779][  0]LogIoStore: Display: 56 / 1,466 hashes were loaded from the hash database, by type:
[2025.06.26-03.56.12:779][  0]LogIoStore: Display:     BulkData                   56
[2025.06.26-03.56.12:779][  0]LogIoStore: Display: 605 / 1,466 chunks attempted to compress, by type:
[2025.06.26-03.56.12:779][  0]LogIoStore: Display:     ExportBundleData           549 / 549
[2025.06.26-03.56.12:779][  0]LogIoStore: Display:     BulkData                   56 / 56
[2025.06.26-03.56.12:779][  0]LogIoStore: Display:     ScriptObjects              0 / 1
[2025.06.26-03.56.12:779][  0]LogIoStore: Display:     ContainerHeader            0 / 1
[2025.06.26-03.56.12:779][  0]LogIoStore: Display:     ShaderCodeLibrary          0 / 4
[2025.06.26-03.56.12:779][  0]LogIoStore: Display:     ShaderCode                 0 / 855
[2025.06.26-03.56.12:779][  0]LogIoStore: Display: Source bytes read:
[2025.06.26-03.56.12:779][  0]LogIoStore: Display:     Zen:                                  0
[2025.06.26-03.56.12:779][  0]LogIoStore: Display:     Loose File:                 516,041,151
[2025.06.26-03.56.12:779][  0]LogIoStore: Display:         ExportBundleData        375,657,076 bytes over 1,098 reads
[2025.06.26-03.56.12:779][  0]LogIoStore: Display:         BulkData                140,384,075 bytes over 56 reads
[2025.06.26-03.56.12:779][  0]LogIoStore: Display:     Memory:                      17,171,530
[2025.06.26-03.56.12:779][  0]LogIoStore: Display:         ShaderCodeLibrary           617,904 bytes over 8 reads
[2025.06.26-03.56.12:779][  0]LogIoStore: Display:         ShaderCode               16,553,626 bytes over 1,710 reads
[2025.06.26-03.56.12:779][  0]LogIoStore: Display: Calculating stats...
[2025.06.26-03.56.12:779][  0]LogIoStore: Display: 
[2025.06.26-03.56.12:779][  0]LogIoStore: Display: Container Summary
[2025.06.26-03.56.12:779][  0]LogIoStore: Display: ==================
[2025.06.26-03.56.12:779][  0]LogIoStore: Display: 
[2025.06.26-03.56.12:779][  0]LogIoStore: Display: Container                                               Flags      Chunk(s) #       TOC (KiB)       Raw Size (MiB)           Size (MiB)
[2025.06.26-03.56.12:779][  0]LogIoStore: Display: ----------------------------------------------------------------------------------------------------------------------------------------------
[2025.06.26-03.56.12:779][  0]LogIoStore: Display: global                                              -/-/-/-/-               1            0.65                 2.43                 2.43 -
[2025.06.26-03.56.12:779][  0]LogIoStore: Display: NeoTeAikaSem1-Windows                               C/-/-/I/-            1465          173.67               322.81               187.29 (41.98% Oodle)
[2025.06.26-03.56.12:779][  0]LogIoStore: Display: ----------------------------------------------------------------------------------------------------------------------------------------------
[2025.06.26-03.56.12:779][  0]LogIoStore: Display: Total                                                                    1466          174.32               325.24               189.72
[2025.06.26-03.56.12:779][  0]LogIoStore: Display: 
[2025.06.26-03.56.12:779][  0]LogIoStore: Display: ** Flags: (C)ompressed / (E)ncrypted / (S)igned) / (I)ndexed) / (O)nDemand **
[2025.06.26-03.56.12:779][  0]LogIoStore: Display: 
[2025.06.26-03.56.12:779][  0]LogIoStore: Display: Compression block padding:     0.89 MiB
[2025.06.26-03.56.12:779][  0]LogIoStore: Display: 
[2025.06.26-03.56.12:779][  0]LogIoStore: Display: Container Directory Index
[2025.06.26-03.56.12:779][  0]LogIoStore: Display: ==========================
[2025.06.26-03.56.12:779][  0]LogIoStore: Display: 
[2025.06.26-03.56.12:779][  0]LogIoStore: Display: Container                                          Size (KiB)
[2025.06.26-03.56.12:779][  0]LogIoStore: Display: ----------------------------------------------------------------------------------------------------------------------------------------------
[2025.06.26-03.56.12:779][  0]LogIoStore: Display: global                                                   0.00
[2025.06.26-03.56.12:779][  0]LogIoStore: Display: NeoTeAikaSem1-Windows                                   29.61
[2025.06.26-03.56.12:779][  0]LogIoStore: Display: 
[2025.06.26-03.56.12:779][  0]LogIoStore: Display: Container Patch Report
[2025.06.26-03.56.12:779][  0]LogIoStore: Display: ========================
[2025.06.26-03.56.12:779][  0]LogIoStore: Display: 
[2025.06.26-03.56.12:779][  0]LogIoStore: Display: Container                                             Total #       Modified #          Added #   Modified (MiB)      Added (MiB)
[2025.06.26-03.56.12:779][  0]LogIoStore: Display: ----------------------------------------------------------------------------------------------------------------------------------------------
[2025.06.26-03.56.12:779][  0]LogIoStore: Display: global                                                      1                0                0             0.00             0.00
[2025.06.26-03.56.12:779][  0]LogIoStore: Display: NeoTeAikaSem1-Windows                                    1465                0             1465             0.00           186.41
[2025.06.26-03.56.12:779][  0]LogIoStore: Display: 
[2025.06.26-03.56.12:779][  0]LogIoStore: Display: PackageStore
[2025.06.26-03.56.12:779][  0]LogIoStore: Display: =============
[2025.06.26-03.56.12:779][  0]LogIoStore: Display: 
[2025.06.26-03.56.12:779][  0]LogIoStore: Display: Container                                          Size (KiB)      Packages #     Localized #
[2025.06.26-03.56.12:779][  0]LogIoStore: Display: ----------------------------------------------------------------------------------------------------------------------------------------------
[2025.06.26-03.56.12:779][  0]LogIoStore: Display: NeoTeAikaSem1-Windows                                      17             549               0
[2025.06.26-03.56.12:779][  0]LogIoStore: Display: ----------------------------------------------------------------------------------------------------------------------------------------------
[2025.06.26-03.56.12:779][  0]LogIoStore: Display: Total                                                      17             549               0
[2025.06.26-03.56.12:779][  0]LogIoStore: Display: 
[2025.06.26-03.56.12:779][  0]LogIoStore: Display: 
[2025.06.26-03.56.12:779][  0]LogIoStore: Display: Input:       549 Packages
[2025.06.26-03.56.12:779][  0]LogIoStore: Display: Input:      0.17 GB UExp
[2025.06.26-03.56.12:779][  0]LogIoStore: Display: Input:      0.00 GB UAsset
[2025.06.26-03.56.12:779][  0]LogIoStore: Display: Input:      0.13 GB UBulk
[2025.06.26-03.56.12:779][  0]LogIoStore: Display: Input:      6.09 MB for 536 Global shaders
[2025.06.26-03.56.12:779][  0]LogIoStore: Display: Input:      0.39 MB for 139 Shared shaders
[2025.06.26-03.56.12:779][  0]LogIoStore: Display: Input:      0.00 MB for 0 Unique shaders
[2025.06.26-03.56.12:779][  0]LogIoStore: Display: Input:      1.42 MB for 180 Inline shaders
[2025.06.26-03.56.12:779][  0]LogIoStore: Display: 
[2025.06.26-03.56.12:780][  0]LogIoStore: Display: Output:     4946 Name map entries
[2025.06.26-03.56.12:780][  0]LogIoStore: Display: Output:      564 Imported package entries
[2025.06.26-03.56.12:780][  0]LogIoStore: Display: Output:      328 Packages without imports
[2025.06.26-03.56.12:780][  0]LogIoStore: Display: Output:        0 Public runtime script objects
[2025.06.26-03.56.12:780][  0]LogIoStore: Display: Output:     0.00 GB HeaderData
[2025.06.26-03.56.12:780][  0]LogIoStore: Display: Output:     2.43 MB InitialLoadData
[2025.06.26-03.56.12:780][  0]LogIoStore: Display: 
[2025.06.26-03.56.12:784][  0]LogPakFile: Display: UnrealPak executed in 0.816385 seconds
[2025.06.26-03.56.12:819][  0]LogCore: Engine exit requested (reason: UnrealPak Exiting)
[2025.06.26-03.56.12:819][  0]LogExit: Preparing to exit.
[2025.06.26-03.56.12:820][  0]LogExit: Object subsystem successfully closed.
[2025.06.26-03.56.12:820][  0]LogPakFile: Destroying PakPlatformFile
[2025.06.26-03.56.12:821][  0]LogExit: Exiting.
[2025.06.26-03.56.12:851][  0]Log file closed, 06/26/25 15:56:12
